2026-10-01T17:37:56+0500 INFO defect_detector.data Discovered 600 normal images
2026-10-01T17:37:56+0500 INFO defect_detector.data Discovered 600 defective images
2026-10-01T17:37:57+0500 INFO defect_detector.data train split: 808 images ({'defective': 404, 'normal': 404})
2026-10-01T17:37:57+0500 INFO defect_detector.data validation split: 212 images ({'defective': 106, 'normal': 106})
2026-10-01T17:37:57+0500 INFO defect_detector.data test split: 180 images ({'defective': 90, 'normal': 90})
2026-10-01T17:38:29+0500 INFO defect_detector.training epoch=1 train_loss=0.7026 val_loss=0.7009 val_f1=0.0000
2026-10-01T17:39:26+0500 INFO defect_detector.training epoch=2 train_loss=0.6978 val_loss=0.7011 val_f1=0.0000
2026-10-01T17:40:01+0500 INFO defect_detector.training epoch=3 train_loss=0.6929 val_loss=0.7029 val_f1=0.0000
2026-10-01T17:40:33+0500 INFO defect_detector.training epoch=4 train_loss=0.6933 val_loss=0.6944 val_f1=0.0000
2026-10-01T17:41:11+0500 INFO defect_detector.training epoch=5 train_loss=0.6938 val_loss=0.6964 val_f1=0.0000
2026-10-01T17:41:53+0500 INFO defect_detector.training epoch=6 train_loss=0.6957 val_loss=0.6922 val_f1=0.6667
2026-10-01T17:42:35+0500 INFO defect_detector.training epoch=7 train_loss=0.6934 val_loss=0.6922 val_f1=0.6597
2026-10-01T17:43:11+0500 INFO defect_detector.training epoch=8 train_loss=0.6962 val_loss=0.6926 val_f1=0.0000
2026-10-01T17:43:39+0500 INFO defect_detector.training epoch=9 train_loss=0.6913 val_loss=0.6972 val_f1=0.0000
2026-10-01T17:44:06+0500 INFO defect_detector.training epoch=10 train_loss=0.6884 val_loss=0.6986 val_f1=0.0000
2026-10-01T17:44:34+0500 INFO defect_detector.training epoch=11 train_loss=0.6886 val_loss=0.6962 val_f1=0.0000
2026-10-01T17:45:04+0500 INFO defect_detector.training epoch=12 train_loss=0.6977 val_loss=0.6947 val_f1=0.6667
2026-10-01T17:47:19+0500 INFO defect_detector.data Discovered 600 normal images
2026-10-01T17:47:19+0500 INFO defect_detector.data Discovered 600 defective images
2026-10-01T17:47:19+0500 INFO defect_detector.data train split: 808 images ({'defective': 404, 'normal': 404})
2026-10-01T17:47:19+0500 INFO defect_detector.data validation split: 212 images ({'defective': 106, 'normal': 106})
2026-10-01T17:47:19+0500 INFO defect_detector.data test split: 180 images ({'defective': 90, 'normal': 90})
2026-10-01T17:48:54+0500 INFO defect_detector.training epoch=1 train_loss=0.7002 val_loss=0.6935 val_f1=0.6667
2026-10-01T21:59:15+0500 INFO defect_detector.data Discovered 600 normal images
2026-10-01T21:59:15+0500 INFO defect_detector.data Discovered 600 defective images
2026-10-01T21:59:15+0500 INFO defect_detector.data train split: 808 images ({'defective': 404, 'normal': 404})
2026-10-01T21:59:15+0500 INFO defect_detector.data validation split: 212 images ({'defective': 106, 'normal': 106})
2026-10-01T21:59:15+0500 INFO defect_detector.data test split: 180 images ({'defective': 90, 'normal': 90})
2026-10-01T21:59:49+0500 INFO defect_detector.training epoch=1 train_loss=0.7026 val_loss=0.7009 val_f1=0.0000
2026-10-01T22:00:14+0500 INFO defect_detector.training epoch=2 train_loss=0.6978 val_loss=0.7011 val_f1=0.0000
2026-10-01T22:00:37+0500 INFO defect_detector.training epoch=3 train_loss=0.6929 val_loss=0.7029 val_f1=0.0000
2026-10-01T22:01:03+0500 INFO defect_detector.training epoch=4 train_loss=0.6933 val_loss=0.6944 val_f1=0.0000
2026-10-01T22:01:24+0500 INFO defect_detector.training epoch=5 train_loss=0.6938 val_loss=0.6964 val_f1=0.0000
2026-10-01T22:01:44+0500 INFO defect_detector.training epoch=6 train_loss=0.6927 val_loss=0.6965 val_f1=0.0000
2026-10-01T22:02:04+0500 INFO defect_detector.training epoch=7 train_loss=0.6921 val_loss=0.6936 val_f1=0.0000
2026-10-01T22:02:30+0500 INFO defect_detector.training epoch=8 train_loss=0.6928 val_loss=0.6948 val_f1=0.0000
2026-10-01T22:02:53+0500 INFO defect_detector.training epoch=9 train_loss=0.6903 val_loss=0.6934 val_f1=0.0000
2026-10-01T22:03:20+0500 INFO defect_detector.training epoch=10 train_loss=0.6900 val_loss=0.6935 val_f1=0.0000
2026-10-01T22:03:48+0500 INFO defect_detector.training epoch=11 train_loss=0.6924 val_loss=0.6935 val_f1=0.0000
2026-10-01T22:03:48+0500 INFO defect_detector.training Early stopping after 10 epochs without validation improvement
2026-10-01T22:03:49+0500 INFO defect_detector.training Saved best checkpoint to artifacts\model-benchmark\small_cnn\best.pt
2026-10-01T22:03:52+0500 INFO defect_detector.evaluation test_f1_defective=0.0000 test_recall_defective=0.0000 errors=90
2026-10-01T22:03:52+0500 INFO defect_detector.data train split: 808 images ({'defective': 404, 'normal': 404})
2026-10-01T22:03:52+0500 INFO defect_detector.data validation split: 212 images ({'defective': 106, 'normal': 106})
2026-10-01T22:03:52+0500 INFO defect_detector.data test split: 180 images ({'defective': 90, 'normal': 90})
2026-10-01T22:03:53+0500 INFO defect_detector.model Built resnet18 (pretrained=True, freeze_backbone=True)
2026-10-01T22:04:12+0500 INFO defect_detector.training epoch=1 train_loss=0.7109 val_loss=0.8375 val_f1=0.0000
2026-10-01T22:04:31+0500 INFO defect_detector.training epoch=2 train_loss=0.7029 val_loss=0.6619 val_f1=0.3385
2026-10-01T22:04:50+0500 INFO defect_detector.training epoch=3 train_loss=0.6608 val_loss=0.6400 val_f1=0.6881
2026-10-01T22:05:08+0500 INFO defect_detector.training epoch=4 train_loss=0.6515 val_loss=0.6516 val_f1=0.5911
2026-10-01T22:05:28+0500 INFO defect_detector.training epoch=5 train_loss=0.6496 val_loss=0.6431 val_f1=0.6359
2026-10-01T22:05:53+0500 INFO defect_detector.training epoch=6 train_loss=0.6654 val_loss=0.6711 val_f1=0.3824
2026-10-01T22:06:11+0500 INFO defect_detector.training epoch=7 train_loss=0.6560 val_loss=0.6495 val_f1=0.3824
2026-10-01T22:06:29+0500 INFO defect_detector.training epoch=8 train_loss=0.6318 val_loss=0.6193 val_f1=0.5629
2026-10-01T22:06:49+0500 INFO defect_detector.training epoch=9 train_loss=0.6314 val_loss=0.6167 val_f1=0.5943
2026-10-01T22:07:04+0500 INFO defect_detector.training epoch=10 train_loss=0.6211 val_loss=0.6180 val_f1=0.5896
2026-10-01T22:07:20+0500 INFO defect_detector.training epoch=11 train_loss=0.6243 val_loss=0.6181 val_f1=0.5909
2026-10-01T22:07:35+0500 INFO defect_detector.training epoch=12 train_loss=0.6124 val_loss=0.6173 val_f1=0.5799
2026-10-01T22:07:51+0500 INFO defect_detector.training epoch=13 train_loss=0.6249 val_loss=0.6152 val_f1=0.5955
2026-10-01T22:07:51+0500 INFO defect_detector.training Early stopping after 10 epochs without validation improvement
2026-10-01T22:07:52+0500 INFO defect_detector.training Saved best checkpoint to artifacts\model-benchmark\resnet18\best.pt
2026-10-01T22:07:52+0500 INFO defect_detector.model Built resnet18 (pretrained=False, freeze_backbone=False)
2026-10-01T22:07:55+0500 INFO defect_detector.evaluation test_f1_defective=0.5862 test_recall_defective=0.5667 errors=72
2026-10-01T22:07:55+0500 INFO defect_detector.model Built resnet18 (pretrained=False, freeze_backbone=False)
2026-10-01T22:07:55+0500 INFO defect_detector.data train split: 808 images ({'defective': 404, 'normal': 404})
2026-10-01T22:07:55+0500 INFO defect_detector.data validation split: 212 images ({'defective': 106, 'normal': 106})
2026-10-01T22:07:55+0500 INFO defect_detector.data test split: 180 images ({'defective': 90, 'normal': 90})
2026-10-01T22:07:55+0500 INFO defect_detector.model Built mobilenet_v3_small (pretrained=True, freeze_backbone=True)
2026-10-01T22:08:02+0500 INFO defect_detector.training epoch=1 train_loss=0.7379 val_loss=1.2858 val_f1=0.0000
2026-10-01T22:08:09+0500 INFO defect_detector.training epoch=2 train_loss=0.6808 val_loss=0.9067 val_f1=0.0000
2026-10-01T22:08:16+0500 INFO defect_detector.training epoch=3 train_loss=0.6730 val_loss=1.3531 val_f1=0.0000
2026-10-01T22:08:22+0500 INFO defect_detector.training epoch=4 train_loss=0.6434 val_loss=0.8236 val_f1=0.0187
2026-10-01T22:08:27+0500 INFO defect_detector.training epoch=5 train_loss=0.6521 val_loss=1.2715 val_f1=0.0000
2026-10-01T22:08:32+0500 INFO defect_detector.training epoch=6 train_loss=0.6258 val_loss=1.2478 val_f1=0.0000
2026-10-01T22:08:37+0500 INFO defect_detector.training epoch=7 train_loss=0.6122 val_loss=0.8925 val_f1=0.0370
2026-10-01T22:08:43+0500 INFO defect_detector.training epoch=8 train_loss=0.6399 val_loss=1.1730 val_f1=0.0000
2026-10-01T22:08:48+0500 INFO defect_detector.training epoch=9 train_loss=0.5990 val_loss=1.0328 val_f1=0.0187
2026-10-01T22:08:53+0500 INFO defect_detector.training epoch=10 train_loss=0.6267 val_loss=1.6112 val_f1=0.0000
2026-10-01T22:08:58+0500 INFO defect_detector.training epoch=11 train_loss=0.6273 val_loss=0.8103 val_f1=0.4684
2026-10-01T22:09:04+0500 INFO defect_detector.training epoch=12 train_loss=0.5960 val_loss=1.0081 val_f1=0.3704
2026-10-01T22:09:10+0500 INFO defect_detector.training epoch=13 train_loss=0.5785 val_loss=0.8577 val_f1=0.4189
2026-10-01T22:09:16+0500 INFO defect_detector.training epoch=14 train_loss=0.6242 val_loss=1.3626 val_f1=0.0550
2026-10-01T22:09:25+0500 INFO defect_detector.training epoch=15 train_loss=0.5841 val_loss=0.9564 val_f1=0.3150
2026-10-01T22:09:33+0500 INFO defect_detector.training epoch=16 train_loss=0.5848 val_loss=0.9391 val_f1=0.3150
2026-10-01T22:09:39+0500 INFO defect_detector.training epoch=17 train_loss=0.6034 val_loss=0.8933 val_f1=0.3433
2026-10-01T22:09:45+0500 INFO defect_detector.training epoch=18 train_loss=0.5895 val_loss=0.7988 val_f1=0.4634
2026-10-01T22:09:50+0500 INFO defect_detector.training epoch=19 train_loss=0.5909 val_loss=0.7728 val_f1=0.4912
2026-10-01T22:09:56+0500 INFO defect_detector.training epoch=20 train_loss=0.5919 val_loss=0.7918 val_f1=0.4472
2026-10-01T22:10:01+0500 INFO defect_detector.training epoch=21 train_loss=0.5873 val_loss=0.7495 val_f1=0.5028
2026-10-01T22:10:07+0500 INFO defect_detector.training epoch=22 train_loss=0.5696 val_loss=0.7376 val_f1=0.5109
2026-10-01T22:10:14+0500 INFO defect_detector.training epoch=23 train_loss=0.5782 val_loss=0.7574 val_f1=0.4972
2026-10-01T22:10:24+0500 INFO defect_detector.training epoch=24 train_loss=0.5781 val_loss=0.7858 val_f1=0.4946
2026-10-01T22:10:29+0500 INFO defect_detector.training epoch=25 train_loss=0.5736 val_loss=0.7829 val_f1=0.5123
2026-10-01T22:10:35+0500 INFO defect_detector.training epoch=26 train_loss=0.5711 val_loss=0.7937 val_f1=0.5178
2026-10-01T22:10:41+0500 INFO defect_detector.training epoch=27 train_loss=0.5727 val_loss=0.7775 val_f1=0.5171
2026-10-01T22:10:46+0500 INFO defect_detector.training epoch=28 train_loss=0.5734 val_loss=0.7674 val_f1=0.5347
2026-10-01T22:10:52+0500 INFO defect_detector.training epoch=29 train_loss=0.5724 val_loss=0.7808 val_f1=0.5288
2026-10-01T22:10:57+0500 INFO defect_detector.training epoch=30 train_loss=0.5811 val_loss=0.7790 val_f1=0.5243
2026-10-01T22:11:02+0500 INFO defect_detector.training epoch=31 train_loss=0.5674 val_loss=0.7596 val_f1=0.5385
2026-10-01T22:11:07+0500 INFO defect_detector.training epoch=32 train_loss=0.5871 val_loss=0.7308 val_f1=0.5588
2026-10-01T22:11:12+0500 INFO defect_detector.training epoch=33 train_loss=0.5769 val_loss=0.7390 val_f1=0.5830
2026-10-01T22:11:18+0500 INFO defect_detector.training epoch=34 train_loss=0.5848 val_loss=0.7347 val_f1=0.5806
2026-10-01T22:11:23+0500 INFO defect_detector.training epoch=35 train_loss=0.5249 val_loss=0.7514 val_f1=0.5676
2026-10-01T22:11:28+0500 INFO defect_detector.training epoch=36 train_loss=0.5643 val_loss=0.7211 val_f1=0.5753
2026-10-01T22:11:33+0500 INFO defect_detector.training epoch=37 train_loss=0.5622 val_loss=0.6904 val_f1=0.5810
2026-10-01T22:11:38+0500 INFO defect_detector.training epoch=38 train_loss=0.5553 val_loss=0.6800 val_f1=0.5936
2026-10-01T22:11:43+0500 INFO defect_detector.training epoch=39 train_loss=0.5610 val_loss=0.6723 val_f1=0.6494
2026-10-01T22:11:48+0500 INFO defect_detector.training epoch=40 train_loss=0.5684 val_loss=0.6715 val_f1=0.6581
2026-10-01T22:11:53+0500 INFO defect_detector.training epoch=41 train_loss=0.5476 val_loss=0.6637 val_f1=0.6609
2026-10-01T22:12:00+0500 INFO defect_detector.training epoch=42 train_loss=0.5491 val_loss=0.6378 val_f1=0.6754
2026-10-01T22:12:06+0500 INFO defect_detector.training epoch=43 train_loss=0.5565 val_loss=0.6323 val_f1=0.6725
2026-10-01T22:12:13+0500 INFO defect_detector.training epoch=44 train_loss=0.5612 val_loss=0.6286 val_f1=0.6975
2026-10-01T22:12:20+0500 INFO defect_detector.training epoch=45 train_loss=0.5544 val_loss=0.6142 val_f1=0.7089
2026-10-01T22:12:27+0500 INFO defect_detector.training epoch=46 train_loss=0.5727 val_loss=0.5938 val_f1=0.7048
2026-10-01T22:12:33+0500 INFO defect_detector.training epoch=47 train_loss=0.5601 val_loss=0.5863 val_f1=0.6996
2026-10-01T22:12:40+0500 INFO defect_detector.training epoch=48 train_loss=0.5700 val_loss=0.5855 val_f1=0.7186
2026-10-01T22:12:49+0500 INFO defect_detector.training epoch=49 train_loss=0.5750 val_loss=0.5892 val_f1=0.7288
2026-10-01T22:13:16+0500 INFO defect_detector.training epoch=50 train_loss=0.5477 val_loss=0.5729 val_f1=0.7296
2026-10-01T22:13:26+0500 INFO defect_detector.training epoch=51 train_loss=0.5472 val_loss=0.5564 val_f1=0.7200
2026-10-01T22:13:32+0500 INFO defect_detector.training epoch=52 train_loss=0.5645 val_loss=0.5409 val_f1=0.7273
2026-10-01T22:13:41+0500 INFO defect_detector.training epoch=53 train_loss=0.5681 val_loss=0.5334 val_f1=0.7297
2026-10-01T22:13:49+0500 INFO defect_detector.training epoch=54 train_loss=0.5568 val_loss=0.5188 val_f1=0.7535
2026-10-01T22:14:09+0500 INFO defect_detector.training epoch=55 train_loss=0.5671 val_loss=0.5070 val_f1=0.7606
2026-10-01T22:14:44+0500 INFO defect_detector.training epoch=56 train_loss=0.5601 val_loss=0.4996 val_f1=0.7773
2026-10-01T22:15:01+0500 INFO defect_detector.training epoch=57 train_loss=0.5426 val_loss=0.4990 val_f1=0.7810
2026-10-01T22:15:10+0500 INFO defect_detector.training epoch=58 train_loss=0.5583 val_loss=0.4939 val_f1=0.7751
2026-10-01T22:15:16+0500 INFO defect_detector.training epoch=59 train_loss=0.5586 val_loss=0.4884 val_f1=0.7783
2026-10-01T22:15:22+0500 INFO defect_detector.training epoch=60 train_loss=0.5597 val_loss=0.4824 val_f1=0.7783
2026-10-01T22:15:28+0500 INFO defect_detector.training epoch=61 train_loss=0.5575 val_loss=0.4803 val_f1=0.7805
2026-10-01T22:15:34+0500 INFO defect_detector.training epoch=62 train_loss=0.5515 val_loss=0.4762 val_f1=0.7677
2026-10-01T22:15:40+0500 INFO defect_detector.training epoch=63 train_loss=0.5495 val_loss=0.4746 val_f1=0.7677
2026-10-01T22:15:46+0500 INFO defect_detector.training epoch=64 train_loss=0.5502 val_loss=0.4721 val_f1=0.7692
2026-10-01T22:16:03+0500 INFO defect_detector.training epoch=65 train_loss=0.5519 val_loss=0.4705 val_f1=0.7692
2026-10-01T22:16:15+0500 INFO defect_detector.training epoch=66 train_loss=0.5719 val_loss=0.4692 val_f1=0.7629
2026-10-01T22:16:21+0500 INFO defect_detector.training epoch=67 train_loss=0.5745 val_loss=0.4687 val_f1=0.7565
2026-10-01T22:16:21+0500 INFO defect_detector.training Early stopping after 10 epochs without validation improvement
2026-10-01T22:16:22+0500 INFO defect_detector.training Saved best checkpoint to artifacts\model-benchmark\mobilenet_v3_small\best.pt
2026-10-01T22:16:23+0500 INFO defect_detector.model Built mobilenet_v3_small (pretrained=False, freeze_backbone=False)
2026-10-01T22:16:24+0500 INFO defect_detector.evaluation test_f1_defective=0.7609 test_recall_defective=0.7778 errors=44
2026-10-01T22:16:24+0500 INFO defect_detector.model Built mobilenet_v3_small (pretrained=False, freeze_backbone=False)
2026-10-01T22:16:25+0500 INFO defect_detector.data train split: 808 images ({'defective': 404, 'normal': 404})
2026-10-01T22:16:25+0500 INFO defect_detector.data validation split: 212 images ({'defective': 106, 'normal': 106})
2026-10-01T22:16:25+0500 INFO defect_detector.data test split: 180 images ({'defective': 90, 'normal': 90})
2026-10-01T22:16:25+0500 INFO defect_detector.model Built efficientnet_b0 (pretrained=True, freeze_backbone=True)
2026-10-01T22:16:46+0500 INFO defect_detector.training epoch=1 train_loss=0.7017 val_loss=0.7083 val_f1=0.2446
2026-10-01T22:17:09+0500 INFO defect_detector.training epoch=2 train_loss=0.6675 val_loss=0.6393 val_f1=0.6250
2026-10-01T22:17:28+0500 INFO defect_detector.training epoch=3 train_loss=0.6514 val_loss=0.5915 val_f1=0.6503
2026-10-01T22:17:49+0500 INFO defect_detector.training epoch=4 train_loss=0.6595 val_loss=0.5951 val_f1=0.5278
2026-10-01T22:18:12+0500 INFO defect_detector.training epoch=5 train_loss=0.6428 val_loss=0.5634 val_f1=0.6369
2026-10-01T22:18:40+0500 INFO defect_detector.training epoch=6 train_loss=0.6389 val_loss=0.5543 val_f1=0.7066
2026-10-01T22:19:05+0500 INFO defect_detector.training epoch=7 train_loss=0.6134 val_loss=0.5515 val_f1=0.7143
2026-10-01T22:19:29+0500 INFO defect_detector.training epoch=8 train_loss=0.6257 val_loss=0.5370 val_f1=0.7624
2026-10-01T22:19:54+0500 INFO defect_detector.training epoch=9 train_loss=0.6148 val_loss=0.5304 val_f1=0.7725
2026-10-01T22:20:20+0500 INFO defect_detector.training epoch=10 train_loss=0.6043 val_loss=0.5271 val_f1=0.7979
2026-10-01T22:20:49+0500 INFO defect_detector.training epoch=11 train_loss=0.6065 val_loss=0.5284 val_f1=0.7717
2026-10-01T22:21:13+0500 INFO defect_detector.training epoch=12 train_loss=0.5997 val_loss=0.5329 val_f1=0.7219
2026-10-01T22:21:35+0500 INFO defect_detector.training epoch=13 train_loss=0.5883 val_loss=0.5233 val_f1=0.7294
2026-10-01T22:22:01+0500 INFO defect_detector.training epoch=14 train_loss=0.6254 val_loss=0.5021 val_f1=0.7897
2026-10-01T22:22:30+0500 INFO defect_detector.training epoch=15 train_loss=0.5907 val_loss=0.5084 val_f1=0.7784
2026-10-01T22:23:22+0500 INFO defect_detector.training epoch=16 train_loss=0.6052 val_loss=0.5057 val_f1=0.7937
2026-10-01T22:23:55+0500 INFO defect_detector.training epoch=17 train_loss=0.5834 val_loss=0.5016 val_f1=0.7717
2026-10-01T22:24:19+0500 INFO defect_detector.training epoch=18 train_loss=0.5875 val_loss=0.5049 val_f1=0.7543
2026-10-01T22:24:43+0500 INFO defect_detector.training epoch=19 train_loss=0.5875 val_loss=0.5048 val_f1=0.7614
2026-10-01T22:25:09+0500 INFO defect_detector.training epoch=20 train_loss=0.5830 val_loss=0.5029 val_f1=0.7598
2026-10-01T22:25:10+0500 INFO defect_detector.training Early stopping after 10 epochs without validation improvement
2026-10-01T22:25:11+0500 INFO defect_detector.training Saved best checkpoint to artifacts\model-benchmark\efficientnet_b0\best.pt
2026-10-01T22:25:17+0500 INFO defect_detector.model Built efficientnet_b0 (pretrained=False, freeze_backbone=False)
2026-10-01T22:25:33+0500 INFO defect_detector.evaluation test_f1_defective=0.7719 test_recall_defective=0.7333 errors=39
2026-10-01T22:25:33+0500 INFO defect_detector.model Built efficientnet_b0 (pretrained=False, freeze_backbone=False)
